// Jest Snapshot v1, https://goo.gl/fbAQLP

exports[`<Rating .../> should match snapshot 1`] = `
<div
  className="rating"
>
  <div
    id="upvote-button"
    onClick={[Function]}
  >
    <svg
      className="vote"
      fill="currentColor"
      height={20}
      preserveAspectRatio="xMidYMid meet"
      style={
        Object {
          "color": "grey",
          "verticalAlign": "middle",
        }
      }
      viewBox="0 0 40 40"
      width={20}
    >
      <g>
        <path
          d="m37.6 29.7l-3.7 3.7q-0.5 0.4-1 0.4t-1-0.4l-11.9-11.9-11.8 11.9q-0.5 0.4-1.1 0.4t-1-0.4l-3.7-3.7q-0.4-0.4-0.4-1t0.4-1l16.6-16.6q0.4-0.4 1-0.4t1 0.4l16.6 16.6q0.4 0.4 0.4 1t-0.4 1z"
        />
      </g>
    </svg>
  </div>
  <div
    className="rating-value"
    id="rating-value"
  >
    4
  </div>
  <div
    id="downvote-button"
    onClick={[Function]}
  >
    <svg
      className="vote"
      fill="currentColor"
      height={20}
      preserveAspectRatio="xMidYMid meet"
      style={
        Object {
          "color": "grey",
          "verticalAlign": "middle",
        }
      }
      viewBox="0 0 40 40"
      width={20}
    >
      <g>
        <path
          d="m37.6 18l-16.6 16.6q-0.4 0.4-1 0.4t-1-0.4l-16.6-16.6q-0.4-0.4-0.4-1t0.4-1l3.7-3.7q0.5-0.4 1-0.4t1 0.4l11.9 11.9 11.9-11.9q0.4-0.4 1-0.4t1 0.4l3.7 3.7q0.4 0.4 0.4 1t-0.4 1z"
        />
      </g>
    </svg>
  </div>
</div>
`;
